2025-12-03 16:32:24,625 - INFO - Starting final comprehensive analysis...
2025-12-03 16:32:24,626 - INFO - Found 33 BibTeX files
2025-12-03 16:32:24,742 - INFO - Processing books_2000_2002.bib: 170 entries
2025-12-03 16:32:24,811 - INFO - Processing books_2003_2005.bib: 77 entries
2025-12-03 16:32:25,042 - INFO - Processing books_2006_2009.bib: 385 entries
2025-12-03 16:32:25,306 - INFO - Processing books_2010_2012.bib: 352 entries
2025-12-03 16:32:25,508 - INFO - Processing books_2013_2015.bib: 242 entries
2025-12-03 16:32:25,683 - INFO - Processing books_2016_2018.bib: 196 entries
2025-12-03 16:32:25,843 - INFO - Processing books_2019_2020.bib: 129 entries
2025-12-03 16:32:25,985 - INFO - Processing books_2021_2024.bib: 104 entries
2025-12-03 16:32:26,054 - INFO - Processing books_pre1990.bib: 65 entries
2025-12-03 16:32:26,218 - INFO - Processing chapters_no_file.bib: 206 entries
2025-12-03 16:32:26,877 - INFO - Processing documents.bib: 1067 entries
2025-12-03 16:32:27,291 - INFO - Processing papers_1990_2000.bib: 260 entries
2025-12-03 16:32:28,185 - INFO - Processing papers_2001_2002.bib: 258 entries
2025-12-03 16:32:28,511 - INFO - Processing papers_2003_5.bib: 273 entries
2025-12-03 16:32:28,916 - INFO - Processing papers_2007.bib: 394 entries
2025-12-03 16:32:29,378 - INFO - Processing papers_2009.bib: 492 entries
2025-12-03 16:32:29,831 - INFO - Processing papers_2010.bib: 274 entries
2025-12-03 16:32:30,468 - INFO - Processing papers_2011_12.bib: 652 entries
2025-12-03 16:32:31,278 - INFO - Processing papers_2013_14.bib: 578 entries
2025-12-03 16:32:31,779 - INFO - Processing papers_2015.bib: 459 entries
2025-12-03 16:32:32,523 - INFO - Processing papers_2016.bib: 476 entries
2025-12-03 16:32:33,191 - INFO - Processing papers_2017.bib: 446 entries
2025-12-03 16:32:33,785 - INFO - Processing papers_2018.bib: 206 entries
2025-12-03 16:32:34,754 - INFO - Processing papers_2019.bib: 498 entries
2025-12-03 16:32:35,709 - INFO - Processing papers_2020.bib: 544 entries
2025-12-03 16:32:36,561 - INFO - Processing papers_2021.bib: 562 entries
2025-12-03 16:32:37,129 - INFO - Processing papers_2022.bib: 567 entries
2025-12-03 16:32:37,630 - INFO - Processing papers_2023.bib: 507 entries
2025-12-03 16:32:37,752 - INFO - Processing papers_2024.bib: 71 entries
2025-12-03 16:32:37,955 - INFO - Processing papers_low_info.bib: 342 entries
2025-12-03 16:32:38,230 - INFO - Processing papers_pre1990.bib: 208 entries
2025-12-03 16:32:39,278 - INFO - Processing reports.bib: 1550 entries
2025-12-03 16:32:39,992 - INFO - Processing software.bib: 15 entries
2025-12-03 16:32:39,995 - INFO - Processed 12625 total entries
2025-12-03 16:32:40,128 - INFO - Final CSV saved to FINAL_methods_analysis.csv
2025-12-03 16:32:40,139 - INFO - Sankey data saved to FINAL_sankey_data.json
2025-12-06 16:11:50,510 - INFO - Starting final comprehensive analysis...
2025-12-06 16:11:50,511 - INFO - Found 33 BibTeX files
2025-12-06 16:11:50,607 - INFO - Processing books_2000_2002.bib: 170 entries
2025-12-06 16:11:50,666 - INFO - Processing books_2003_2005.bib: 77 entries
2025-12-06 16:11:50,880 - INFO - Processing books_2006_2009.bib: 385 entries
2025-12-06 16:11:51,132 - INFO - Processing books_2010_2012.bib: 352 entries
2025-12-06 16:11:51,321 - INFO - Processing books_2013_2015.bib: 242 entries
2025-12-06 16:11:51,487 - INFO - Processing books_2016_2018.bib: 196 entries
2025-12-06 16:11:51,641 - INFO - Processing books_2019_2020.bib: 129 entries
2025-12-06 16:11:51,778 - INFO - Processing books_2021_2024.bib: 104 entries
2025-12-06 16:11:51,845 - INFO - Processing books_pre1990.bib: 65 entries
2025-12-06 16:11:52,006 - INFO - Processing chapters_no_file.bib: 206 entries
2025-12-06 16:11:52,645 - INFO - Processing documents.bib: 1067 entries
2025-12-06 16:11:53,037 - INFO - Processing papers_1990_2000.bib: 260 entries
2025-12-06 16:11:53,905 - INFO - Processing papers_2001_2002.bib: 258 entries
2025-12-06 16:11:54,219 - INFO - Processing papers_2003_5.bib: 273 entries
2025-12-06 16:11:54,615 - INFO - Processing papers_2007.bib: 394 entries
2025-12-06 16:11:55,074 - INFO - Processing papers_2009.bib: 492 entries
2025-12-06 16:11:55,527 - INFO - Processing papers_2010.bib: 274 entries
2025-12-06 16:11:56,172 - INFO - Processing papers_2011_12.bib: 652 entries
2025-12-06 16:11:56,991 - INFO - Processing papers_2013_14.bib: 578 entries
2025-12-06 16:11:57,491 - INFO - Processing papers_2015.bib: 459 entries
2025-12-06 16:11:58,248 - INFO - Processing papers_2016.bib: 476 entries
2025-12-06 16:11:58,929 - INFO - Processing papers_2017.bib: 446 entries
2025-12-06 16:11:59,517 - INFO - Processing papers_2018.bib: 206 entries
2025-12-06 16:12:00,493 - INFO - Processing papers_2019.bib: 498 entries
2025-12-06 16:12:01,425 - INFO - Processing papers_2020.bib: 544 entries
2025-12-06 16:12:02,287 - INFO - Processing papers_2021.bib: 562 entries
2025-12-06 16:12:02,858 - INFO - Processing papers_2022.bib: 567 entries
2025-12-06 16:12:03,365 - INFO - Processing papers_2023.bib: 507 entries
2025-12-06 16:12:03,488 - INFO - Processing papers_2024.bib: 71 entries
2025-12-06 16:12:03,688 - INFO - Processing papers_low_info.bib: 342 entries
2025-12-06 16:12:03,960 - INFO - Processing papers_pre1990.bib: 208 entries
2025-12-06 16:12:04,994 - INFO - Processing reports.bib: 1550 entries
2025-12-06 16:12:05,692 - INFO - Processing software.bib: 15 entries
2025-12-06 16:12:05,695 - INFO - Processed 12625 total entries
2025-12-06 16:12:05,892 - INFO - Final CSV saved to FINAL_methods_analysis.csv
2025-12-06 16:12:05,904 - INFO - Sankey data saved to FINAL_sankey_data.json
2025-12-06 16:31:39,444 - INFO - Starting final comprehensive analysis...
2025-12-06 16:31:39,444 - INFO - Found 33 BibTeX files
2025-12-06 16:31:39,545 - INFO - Processing books_2000_2002.bib: 170 entries
2025-12-06 16:31:39,607 - INFO - Processing books_2003_2005.bib: 77 entries
2025-12-06 16:31:39,861 - INFO - Processing books_2006_2009.bib: 385 entries
2025-12-06 16:31:40,122 - INFO - Processing books_2010_2012.bib: 352 entries
2025-12-06 16:31:40,315 - INFO - Processing books_2013_2015.bib: 242 entries
2025-12-06 16:31:40,486 - INFO - Processing books_2016_2018.bib: 196 entries
2025-12-06 16:31:40,644 - INFO - Processing books_2019_2020.bib: 129 entries
2025-12-06 16:31:40,795 - INFO - Processing books_2021_2024.bib: 104 entries
2025-12-06 16:31:40,865 - INFO - Processing books_pre1990.bib: 65 entries
2025-12-06 16:31:41,030 - INFO - Processing chapters_no_file.bib: 206 entries
2025-12-06 16:31:41,685 - INFO - Processing documents.bib: 1067 entries
2025-12-06 16:31:42,102 - INFO - Processing papers_1990_2000.bib: 260 entries
2025-12-06 16:31:43,088 - INFO - Processing papers_2001_2002.bib: 258 entries
2025-12-06 16:31:43,419 - INFO - Processing papers_2003_5.bib: 273 entries
2025-12-06 16:31:43,819 - INFO - Processing papers_2007.bib: 394 entries
2025-12-06 16:31:44,278 - INFO - Processing papers_2009.bib: 492 entries
2025-12-06 16:31:44,730 - INFO - Processing papers_2010.bib: 274 entries
2025-12-06 16:31:45,370 - INFO - Processing papers_2011_12.bib: 652 entries
2025-12-06 16:31:46,207 - INFO - Processing papers_2013_14.bib: 578 entries
2025-12-06 16:31:46,699 - INFO - Processing papers_2015.bib: 459 entries
2025-12-06 16:31:47,453 - INFO - Processing papers_2016.bib: 476 entries
2025-12-06 16:31:48,318 - INFO - Processing papers_2017.bib: 446 entries
2025-12-06 16:31:48,968 - INFO - Processing papers_2018.bib: 206 entries
2025-12-06 16:31:49,962 - INFO - Processing papers_2019.bib: 498 entries
2025-12-06 16:31:50,930 - INFO - Processing papers_2020.bib: 544 entries
2025-12-06 16:31:51,794 - INFO - Processing papers_2021.bib: 562 entries
2025-12-06 16:31:52,363 - INFO - Processing papers_2022.bib: 567 entries
2025-12-06 16:31:52,867 - INFO - Processing papers_2023.bib: 507 entries
2025-12-06 16:31:52,990 - INFO - Processing papers_2024.bib: 71 entries
2025-12-06 16:31:53,194 - INFO - Processing papers_low_info.bib: 342 entries
2025-12-06 16:31:53,487 - INFO - Processing papers_pre1990.bib: 208 entries
2025-12-06 16:31:54,586 - INFO - Processing reports.bib: 1550 entries
2025-12-06 16:31:55,305 - INFO - Processing software.bib: 15 entries
2025-12-06 16:31:55,308 - INFO - Processed 12625 total entries
2025-12-06 16:31:55,421 - INFO - Final CSV saved to FINAL_methods_analysis.csv
2025-12-06 16:31:55,432 - INFO - Sankey data saved to FINAL_sankey_data.json
