2025-12-03 16:32:24,625 - INFO - Starting final comprehensive analysis...
2025-12-03 16:32:24,626 - INFO - Found 33 BibTeX files
2025-12-03 16:32:24,742 - INFO - Processing books_2000_2002.bib: 170 entries
2025-12-03 16:32:24,811 - INFO - Processing books_2003_2005.bib: 77 entries
2025-12-03 16:32:25,042 - INFO - Processing books_2006_2009.bib: 385 entries
2025-12-03 16:32:25,306 - INFO - Processing books_2010_2012.bib: 352 entries
2025-12-03 16:32:25,508 - INFO - Processing books_2013_2015.bib: 242 entries
2025-12-03 16:32:25,683 - INFO - Processing books_2016_2018.bib: 196 entries
2025-12-03 16:32:25,843 - INFO - Processing books_2019_2020.bib: 129 entries
2025-12-03 16:32:25,985 - INFO - Processing books_2021_2024.bib: 104 entries
2025-12-03 16:32:26,054 - INFO - Processing books_pre1990.bib: 65 entries
2025-12-03 16:32:26,218 - INFO - Processing chapters_no_file.bib: 206 entries
2025-12-03 16:32:26,877 - INFO - Processing documents.bib: 1067 entries
2025-12-03 16:32:27,291 - INFO - Processing papers_1990_2000.bib: 260 entries
2025-12-03 16:32:28,185 - INFO - Processing papers_2001_2002.bib: 258 entries
2025-12-03 16:32:28,511 - INFO - Processing papers_2003_5.bib: 273 entries
2025-12-03 16:32:28,916 - INFO - Processing papers_2007.bib: 394 entries
2025-12-03 16:32:29,378 - INFO - Processing papers_2009.bib: 492 entries
2025-12-03 16:32:29,831 - INFO - Processing papers_2010.bib: 274 entries
2025-12-03 16:32:30,468 - INFO - Processing papers_2011_12.bib: 652 entries
2025-12-03 16:32:31,278 - INFO - Processing papers_2013_14.bib: 578 entries
2025-12-03 16:32:31,779 - INFO - Processing papers_2015.bib: 459 entries
2025-12-03 16:32:32,523 - INFO - Processing papers_2016.bib: 476 entries
2025-12-03 16:32:33,191 - INFO - Processing papers_2017.bib: 446 entries
2025-12-03 16:32:33,785 - INFO - Processing papers_2018.bib: 206 entries
2025-12-03 16:32:34,754 - INFO - Processing papers_2019.bib: 498 entries
2025-12-03 16:32:35,709 - INFO - Processing papers_2020.bib: 544 entries
2025-12-03 16:32:36,561 - INFO - Processing papers_2021.bib: 562 entries
2025-12-03 16:32:37,129 - INFO - Processing papers_2022.bib: 567 entries
2025-12-03 16:32:37,630 - INFO - Processing papers_2023.bib: 507 entries
2025-12-03 16:32:37,752 - INFO - Processing papers_2024.bib: 71 entries
2025-12-03 16:32:37,955 - INFO - Processing papers_low_info.bib: 342 entries
2025-12-03 16:32:38,230 - INFO - Processing papers_pre1990.bib: 208 entries
2025-12-03 16:32:39,278 - INFO - Processing reports.bib: 1550 entries
2025-12-03 16:32:39,992 - INFO - Processing software.bib: 15 entries
2025-12-03 16:32:39,995 - INFO - Processed 12625 total entries
2025-12-03 16:32:40,128 - INFO - Final CSV saved to FINAL_methods_analysis.csv
2025-12-03 16:32:40,139 - INFO - Sankey data saved to FINAL_sankey_data.json
